.......................................................................................................................................................................................................

2 deprecation warnings total

Finished in 18.22 seconds (files took 5.46 seconds to load)
199 examples, 0 failures

Randomized with seed 20266

